len=0
isEmpty=true
nonEmptyIsEmpty=false
upper=[]
lower=[]
trim=[]
trimLeft=[]
trimRight=[]
reverse=[]
concatRight=[abc]
concatLeft=[abc]
plusBoth=[]
repeat0=[]
repeat3=[]
abcRepeat0=[]
contains=false
containsEmpty=true
startsWithEmpty=true
endsWithEmpty=true
indexOf=-1
lastIndexOf=-1
countSub=0
codePointCount=0
toInt=0
tryIntIsNil=true
tryFloatIsNil=true
toFloatIsZero=true
splitCount=1
splitFirstEmpty=true
linesCount=1
isAlpha=false
isNumeric=false
isPrintable=false
isValidUtf8=true
substring00=[]
slice00=[]
abcSliceStart=[]
abcSliceEnd=[]
padLeft3=[   ]
padRight3=[   ]
abcPadLeft0=[abc]
replace=[]
eqEmpty=true
toStringEmpty=[]
charsIter=0
bytesIter=0
