max=9223372036854775807
maxStr=9223372036854775807
maxParse=9223372036854775807
maxRoundTrips=true
overIsNil=true
wayOverIsNil=true
overToInt=0
zero=0
negZero=0
plusFive=5
negFive=-5
trailingJunkIsNil=true
leadingSpaceIsNil=true
innerSpaceIsNil=true
dashOnlyIsNil=true
hexFF=255
bin1111=15
octal777=511
zeroStr=0
oneStr=1
negOneStr=-1
