accentLen=6
accentCps=5
greekLen=6
greekCps=5
cjkLen=6
cjkCps=2
asciiLenEqCps=true
accentCharsIter=5
accentBytesIter=6
containsAccent=true
indexOfAccent=1
startsWithH=true
cjkSplitCount=2
concatLen=12
concatCps=10
concatValid=true
accentUpper=[HéLLO]
greekUpper=[ΩMEGA]
origValid=true
trimValid=true
repeatValid=true
repeatCps=4
