accentLen=6
accentCps=5
greekLen=7
greekCps=6
cjkLen=6
cjkCps=2
asciiLenEqCps=true
accentCharsIter=5
accentBytesIter=6
containsAccent=true
indexOfAccent=1
startsWithH=true
cjkSplitCount=2
concatLen=13
concatCps=11
concatValid=true
accentUpper=[HéLLO]
greekUpper=[ΩMEGA]
cjkRevValid=true
cjkRevCps=2
cjkRev=[界世]
origValid=true
trimValid=true
repeatValid=true
repeatCps=4
