localNilIsNil=true
localValIsNil=false
localNilOrElse=7
localValOrElse=42
narrowed=43
bindVal=42
paramNil=-1
paramVal=5
paramFromLocal=-1
returnNil=-2
returnVal=9
structFieldIsNil=true
structFieldOrElse=[fallback]
classFieldIsNil=true
chainIsNil=true
chainOrElse=-3
linkedIsNil=false
linkedChain=4
strNil=[fallback]
strEmptyIsNil=false
strEmptyOrElse=[]
